=== App.java ...
    100425 -> 5526 B  c=25.81s d=0.009s  nodes=217  ok=True  (wall 25.9s)
=== main.py ...
    88515 -> 7481 B  c=15.01s d=0.008s  nodes=303  ok=True  (wall 15.1s)
=== program.c ...
    99918 -> 5623 B  c=19.32s d=0.009s  nodes=367  ok=True  (wall 19.4s)
=== engine.cpp ...
    87326 -> 5517 B  c=17.32s d=0.008s  nodes=449  ok=True  (wall 17.4s)
=== app.js ...
    83043 -> 5320 B  c=10.45s d=0.007s  nodes=325  ok=True  (wall 10.8s)
=== app.ts ...
    88275 -> 5425 B  c=9.32s d=0.007s  nodes=305  ok=True  (wall 9.5s)
=== lib.rs ...
    93269 -> 5334 B  c=19.88s d=0.008s  nodes=487  ok=True  (wall 20.1s)
=== page.html ...
    90574 -> 15254 B  c=12.04s d=0.011s  nodes=439  ok=True  (wall 12.3s)
=== feed.xml ...
    150450 -> 25021 B  c=18.43s d=0.016s  nodes=299  ok=True  (wall 18.5s)
=== data.json ...
    393678 -> 81528 B  c=191.12s d=0.221s  nodes=447  ok=True  (wall 191.7s)
=== big.json ...
    421249 -> 93418 B  c=41.06s d=0.262s  nodes=173  ok=True  (wall 41.7s)
=== dump.sql ...
    432464 -> 70310 B  c=30.81s d=0.189s  nodes=161  ok=True  (wall 31.3s)
=== server.log ...
    207757 -> 49545 B  c=35.00s d=0.025s  nodes=441  ok=True  (wall 35.1s)
=== table.csv ...
    246142 -> 81888 B  c=39.98s d=0.224s  nodes=351  ok=True  (wall 40.5s)
=== text_en.txt ...
    34497 -> 18142 B  c=2.81s d=0.046s  nodes=170  ok=True  (wall 3.1s)
=== notes.md ...
    20177 -> 3159 B  c=2.66s d=0.002s  nodes=284  ok=True  (wall 2.9s)
=== doc.pdf ...
    44889 -> 3471 B  c=4.20s d=0.004s  nodes=279  ok=True  (wall 4.7s)
=== photo.jpg ...
    65397 -> 65409 B  c=3.80s d=0.000s  nodes=244  ok=True  (wall 3.8s)
=== photo.png ...
    471403 -> 471415 B  c=11.28s d=0.000s  nodes=204  ok=True  (wall 11.3s)
=== photo.webp ...
    60216 -> 60228 B  c=0.27s d=0.000s  nodes=4  ok=True  (wall 0.8s)
=== archive.zip ...
    74670 -> 74682 B  c=2.66s d=0.000s  nodes=168  ok=True  (wall 3.4s)
=== random_os.bin ...
    262144 -> 262156 B  c=0.46s d=0.000s  nodes=4  ok=True  (wall 0.5s)
=== random_prng.bin ...
    262144 -> 808 B  c=24.92s d=0.057s  nodes=69  ok=True  (wall 25.1s)
=== sensor_i16.bin ...
    131072 -> 70900 B  c=9.72s d=0.081s  nodes=24  ok=True  (wall 10.0s)
=== counters_u32.bin ...
    160000 -> 9437 B  c=3.58s d=0.046s  nodes=78  ok=True  (wall 3.7s)
baseline complete: 25 files -> F:\ff\divideencode-2\benchmarks\results\baseline.json
