=== App.java ...
    100425 -> 5526 B  c=7.55s d=0.010s  nodes=217  ok=True  (wall 7.6s)
=== main.py ...
    88515 -> 7481 B  c=8.41s d=0.008s  nodes=303  ok=True  (wall 8.5s)
=== program.c ...
    99918 -> 5623 B  c=10.36s d=0.009s  nodes=367  ok=True  (wall 10.4s)
=== engine.cpp ...
    87326 -> 5517 B  c=9.24s d=0.007s  nodes=449  ok=True  (wall 9.3s)
=== app.js ...
    83043 -> 5320 B  c=7.39s d=0.007s  nodes=325  ok=True  (wall 7.4s)
=== app.ts ...
    88275 -> 5425 B  c=6.96s d=0.008s  nodes=305  ok=True  (wall 7.0s)
=== lib.rs ...
    93269 -> 5334 B  c=10.46s d=0.008s  nodes=487  ok=True  (wall 10.5s)
=== page.html ...
    90574 -> 15254 B  c=11.54s d=0.010s  nodes=439  ok=True  (wall 11.6s)
=== feed.xml ...
    150450 -> 25021 B  c=14.34s d=0.016s  nodes=299  ok=True  (wall 14.4s)
=== data.json ...
    393678 -> 81528 B  c=60.85s d=0.220s  nodes=447  ok=True  (wall 61.3s)
=== big.json ...
    421249 -> 93418 B  c=37.47s d=0.257s  nodes=173  ok=True  (wall 38.0s)
=== dump.sql ...
    432464 -> 70310 B  c=20.17s d=0.188s  nodes=161  ok=True  (wall 20.5s)
=== server.log ...
    207757 -> 49545 B  c=33.37s d=0.024s  nodes=441  ok=True  (wall 33.4s)
=== table.csv ...
    246142 -> 81888 B  c=38.15s d=0.222s  nodes=351  ok=True  (wall 38.6s)
=== text_en.txt ...
    34497 -> 18142 B  c=2.73s d=0.044s  nodes=170  ok=True  (wall 2.8s)
=== notes.md ...
    20177 -> 3159 B  c=2.62s d=0.002s  nodes=284  ok=True  (wall 2.6s)
=== doc.pdf ...
    44889 -> 3471 B  c=4.09s d=0.004s  nodes=279  ok=True  (wall 4.1s)
=== photo.jpg ...
    65397 -> 65409 B  c=3.94s d=0.000s  nodes=244  ok=True  (wall 3.9s)
=== photo.png ...
    471403 -> 471415 B  c=10.62s d=0.000s  nodes=204  ok=True  (wall 10.6s)
=== photo.webp ...
    60216 -> 60228 B  c=0.27s d=0.000s  nodes=4  ok=True  (wall 0.3s)
=== archive.zip ...
    74670 -> 74682 B  c=2.62s d=0.000s  nodes=168  ok=True  (wall 2.6s)
=== random_os.bin ...
    262144 -> 262156 B  c=0.47s d=0.000s  nodes=4  ok=True  (wall 0.5s)
=== random_prng.bin ...
    262144 -> 808 B  c=5.26s d=0.055s  nodes=69  ok=True  (wall 5.4s)
=== sensor_i16.bin ...
    131072 -> 70900 B  c=2.98s d=0.085s  nodes=24  ok=True  (wall 3.2s)
=== counters_u32.bin ...
    160000 -> 9437 B  c=2.76s d=0.044s  nodes=78  ok=True  (wall 2.9s)
baseline complete: 25 files -> benchmarks\results\phase_p0.json
