=== App.java ...
    100425 -> 5526 B  c=15.18s d=0.009s  nodes=217  ok=True  (wall 15.2s)
=== main.py ...
    88515 -> 7481 B  c=16.96s d=0.009s  nodes=303  ok=True  (wall 17.0s)
=== program.c ...
    99918 -> 5623 B  c=20.86s d=0.009s  nodes=367  ok=True  (wall 20.9s)
=== engine.cpp ...
    87326 -> 5517 B  c=22.55s d=0.008s  nodes=449  ok=True  (wall 22.6s)
=== app.js ...
    83043 -> 5320 B  c=12.81s d=0.008s  nodes=325  ok=True  (wall 12.8s)
=== app.ts ...
    88275 -> 5425 B  c=13.16s d=0.008s  nodes=305  ok=True  (wall 13.2s)
=== lib.rs ...
    93269 -> 5334 B  c=24.71s d=0.009s  nodes=487  ok=True  (wall 24.7s)
=== page.html ...
    90574 -> 15254 B  c=22.07s d=0.010s  nodes=439  ok=True  (wall 22.1s)
=== feed.xml ...
    150450 -> 25021 B  c=25.13s d=0.024s  nodes=299  ok=True  (wall 25.2s)
=== data.json ...
    393678 -> 81528 B  c=92.09s d=0.233s  nodes=447  ok=True  (wall 92.6s)
=== big.json ...
    421249 -> 93418 B  c=51.00s d=0.266s  nodes=173  ok=True  (wall 51.5s)
=== dump.sql ...
    432464 -> 70310 B  c=30.12s d=0.197s  nodes=161  ok=True  (wall 30.5s)
=== server.log ...
    207757 -> 49545 B  c=54.06s d=0.025s  nodes=441  ok=True  (wall 54.1s)
=== table.csv ...
    246142 -> 81888 B  c=66.05s d=0.232s  nodes=351  ok=True  (wall 66.5s)
=== text_en.txt ...
    34497 -> 18142 B  c=5.55s d=0.046s  nodes=170  ok=True  (wall 5.6s)
=== notes.md ...
    20177 -> 3159 B  c=5.33s d=0.002s  nodes=284  ok=True  (wall 5.3s)
=== doc.pdf ...
    44889 -> 3471 B  c=7.79s d=0.004s  nodes=279  ok=True  (wall 7.8s)
=== photo.jpg ...
    65397 -> 65409 B  c=7.40s d=0.000s  nodes=244  ok=True  (wall 7.4s)
=== photo.png ...
    471403 -> 471415 B  c=20.74s d=0.000s  nodes=204  ok=True  (wall 20.7s)
=== photo.webp ...
    60216 -> 60228 B  c=0.43s d=0.000s  nodes=4  ok=True  (wall 0.4s)
=== archive.zip ...
    74670 -> 74682 B  c=5.68s d=0.000s  nodes=168  ok=True  (wall 5.7s)
=== random_os.bin ...
    262144 -> 262156 B  c=0.76s d=0.000s  nodes=4  ok=True  (wall 0.8s)
=== random_prng.bin ...
    262144 -> 808 B  c=7.18s d=0.058s  nodes=69  ok=True  (wall 7.3s)
=== sensor_i16.bin ...
    131072 -> 70900 B  c=4.28s d=0.085s  nodes=24  ok=True  (wall 4.5s)
=== counters_u32.bin ...
    160000 -> 9437 B  c=3.75s d=0.045s  nodes=78  ok=True  (wall 3.8s)
baseline complete: 25 files -> benchmarks\results\phase_p1.json
